[INFO ] 2025-08-16 00:09:59.329 [main] Hybrid_Framework - URL Opened Successfully : https://demo.guru99.com/V1/
[INFO ] 2025-08-16 00:09:59.963 [main] Hybrid_Framework - Username is entered
[INFO ] 2025-08-16 00:10:00.367 [main] Hybrid_Framework - Password is entered
[INFO ] 2025-08-16 00:10:02.743 [main] Hybrid_Framework - Username is entered
[INFO ] 2025-08-16 00:10:03.092 [main] Hybrid_Framework - Password is entered
[INFO ] 2025-08-16 00:10:05.617 [main] Hybrid_Framework - Username is entered
[INFO ] 2025-08-16 00:10:05.942 [main] Hybrid_Framework - Password is entered
[INFO ] 2025-08-16 00:10:06.595 [main] Hybrid_Framework - ActualHomepage title is : 
[INFO ] 2025-08-16 00:10:08.782 [main] Hybrid_Framework - Username is entered
[INFO ] 2025-08-16 00:10:09.219 [main] Hybrid_Framework - Password is entered
[INFO ] 2025-08-16 00:10:10.490 [main] Hybrid_Framework - ActualHomepage title is : GTPL Bank Manager HomePage
[INFO ] 2025-08-16 00:10:10.492 [main] Hybrid_Framework - User is successfully logged in : GTPL Bank Manager HomePage
[INFO ] 2025-08-16 11:39:23.483 [main] Hybrid_Framework - URL Opened Successfully : https://demo.guru99.com/V1/
[INFO ] 2025-08-16 11:39:24.246 [main] Hybrid_Framework - Username is entered
[INFO ] 2025-08-16 11:39:24.619 [main] Hybrid_Framework - Password is entered
[INFO ] 2025-08-16 11:39:25.264 [main] Hybrid_Framework - ActualHomepage title is : GTPL Bank Home Page
[INFO ] 2025-08-16 11:39:29.109 [main] Hybrid_Framework - Username is entered
[INFO ] 2025-08-16 11:39:29.439 [main] Hybrid_Framework - Password is entered
[INFO ] 2025-08-16 11:39:31.101 [main] Hybrid_Framework - Username is entered
[INFO ] 2025-08-16 11:39:31.393 [main] Hybrid_Framework - Password is entered
[INFO ] 2025-08-16 11:39:33.829 [main] Hybrid_Framework - Username is entered
[INFO ] 2025-08-16 11:39:34.241 [main] Hybrid_Framework - Password is entered
[INFO ] 2025-08-16 11:39:35.285 [main] Hybrid_Framework - ActualHomepage title is : GTPL Bank Manager HomePage
[INFO ] 2025-08-16 11:39:35.285 [main] Hybrid_Framework - User is successfully logged in : GTPL Bank Manager HomePage
[INFO ] 2025-08-16 11:40:44.321 [main] Hybrid_Framework - URL Opened Successfully : https://demo.guru99.com/V1/
[INFO ] 2025-08-16 11:40:44.815 [main] Hybrid_Framework - Username is entered
[INFO ] 2025-08-16 11:40:45.185 [main] Hybrid_Framework - Password is entered
[INFO ] 2025-08-16 11:40:47.146 [main] Hybrid_Framework - Username is entered
[INFO ] 2025-08-16 11:40:47.422 [main] Hybrid_Framework - Password is entered
[INFO ] 2025-08-16 11:40:50.463 [main] Hybrid_Framework - Username is entered
[INFO ] 2025-08-16 11:40:50.728 [main] Hybrid_Framework - Password is entered
[INFO ] 2025-08-16 11:40:51.206 [main] Hybrid_Framework - ActualHomepage title is : 
[INFO ] 2025-08-16 11:40:52.256 [main] Hybrid_Framework - Username is entered
[INFO ] 2025-08-16 11:40:52.456 [main] Hybrid_Framework - Password is entered
[INFO ] 2025-08-16 11:40:53.604 [main] Hybrid_Framework - ActualHomepage title is : GTPL Bank Manager HomePage
[INFO ] 2025-08-16 11:40:53.604 [main] Hybrid_Framework - User is successfully logged in : GTPL Bank Manager HomePage
